// Jest Snapshot v1, https://goo.gl/fbAQLP

exports[`snapshot test should network before event match snapshot 1`] = `
Object {
  "method": "*",
  "type": "Register/networkRoute",
  "url": "/",
}
`;

exports[`snapshot test should network before event match snapshot 2`] = `
Object {
  "pass": [Function],
  "reject": [Function],
  "request": Request {
    "agent": undefined,
    "compress": true,
    "counter": 0,
    "follow": 20,
    "size": 0,
    "timeout": 0,
    Symbol(Body internals): Object {
      "body": null,
      "disturbed": false,
      "error": null,
    },
    Symbol(Request internals): Object {
      "headers": Headers {
        Symbol(map): Object {},
      },
      "method": "GET",
      "parsedURL": Url {
        "auth": null,
        "hash": null,
        "host": null,
        "hostname": null,
        "href": "/",
        "path": "/",
        "pathname": "/",
        "port": null,
        "protocol": null,
        "query": null,
        "search": null,
        "slashes": null,
      },
      "redirect": "follow",
      "signal": null,
    },
  },
  "requestType": "fetch",
  "resolve": [Function],
  "rule": Object {
    "method": "*",
    "type": "Register/networkRoute",
    "url": "/",
  },
  "type": "Run/network/before",
}
`;

exports[`snapshot test should register route match snapshot 1`] = `
Object {
  "desc": "login api",
  "method": "*",
  "name": "login",
  "scenes": Array [
    Object {
      "name": "login success",
      "response": Object {
        "code": 0,
        "username": "admin",
      },
    },
    Object {
      "desc": "password incorrect",
      "name": "login failure",
      "response": Object {
        "code": 1,
        "message": "password incorrect",
      },
      "status": 400,
    },
  ],
  "type": "Register/networkRoute",
  "url": "/api/login",
}
`;
